// Jest Snapshot v1, https://goo.gl/fbAQLP

exports[`renders correctly 1`] = `
<styled.div>
  <styled.div>
    conduit
  </styled.div>
  <styled.p>
    A place to share your knowledge
  </styled.p>
</styled.div>
`;
