// Jest Snapshot v1, https://goo.gl/fbAQLP

exports[`renders correctly 1`] = `
<ArticlesPreview
  articles={Array []}
>
  <div />
</ArticlesPreview>
`;
