// Jest Snapshot v1, https://goo.gl/fbAQLP

exports[`Register componenet renders correctly 1`] = `
<h1>
  Sign up
</h1>
`;