// Jest Snapshot v1, https://goo.gl/fbAQLP

exports[`notFound componenet renders correctly 1`] = `
<h1>
  Not Found
</h1>
`;
