// Jest Snapshot v1, https://goo.gl/fbAQLP

exports[`Login componenet renders correctly 1`] = `
<h1>
  Sign in
</h1>
`;
